# Synopsys Constraint Checker(syntax only), version maplat, Build 1612R, built Dec  5 2016
# Copyright (C) 1994-2016 Synopsys, Inc. All rights reserved. This Synopsys software and all associated documentation are proprietary to Synopsys, Inc. and may only be used pursuant to the terms and conditions of a written license agreement with Synopsys, Inc. All other use, reproduction, modification, or distribution of the Synopsys software or the associated documentation is strictly prohibited.

# Written on Wed Sep 16 17:29:12 2020


##### DESIGN INFO #######################################################

Top View:                "SPI"
Constraint File(s):      (none)

#Run constraint checker to find more issues with constraints.
#########################################################################



No issues found in constraint syntax.



Clock Summary
*************

Start       Requested     Requested     Clock        Clock                     Clock
Clock       Frequency     Period        Type         Group                     Load 
------------------------------------------------------------------------------------
SPI|CLK     135.6 MHz     7.373         inferred     Autoconstr_clkgroup_0     550  
====================================================================================
